'2#001':
    - '[BINARY DATA: 3 bytes]'
'2#000':
    - '[BINARY DATA: 2 bytes]'
'2#055':
    - '20180328'
'2#060':
    - '124126'
'2#062':
    - '20180328'
'2#063':
    - '124126'
'2#080':
    - 'IGOR BUDASOV'
'2#025':
    - norway
    - scandinavia
    - spring
    - '2018'
    - nordic
    - outdoor
    - relax
    - beautiful
    - tourism
    - hiking
    - walking
    - 'Cl lofoten islands'
    - louds
    - cold
    - frost
    - Clououdy
    - clouds
    - sky
    - mountain
    - nature
    - background
    - cloudy
    - hillside
    - distance
    - highland
'2#120':
    - 'Spring in Norway: a large mountain in the background'
